// Jest Snapshot v1, https://goo.gl/fbAQLP

exports[`PhotoItem renders correctly 1`] = `
<figure
  className="photo-item size--medium"
  tabIndex={0}
>
  <img
    src="images/pictures/w01.jpg"
  />
  <figcaption>
    TEST
  </figcaption>
</figure>
`;
